Collecting jsonschema<5,>=4.23 (from -r D:\parallel-global-stiffness-assembly-research-and-implementation\demos\csc3_symmetric_assembly_demo\requirements-test.txt (line 1))
  Using cached jsonschema-4.26.0-py3-none-any.whl.metadata (7.6 kB)
Collecting matplotlib<4,>=3.10 (from -r D:\parallel-global-stiffness-assembly-research-and-implementation\demos\csc3_symmetric_assembly_demo\requirements-windows-delivery.txt (line 1))
  Downloading matplotlib-3.11.1-cp313-cp313-win_amd64.whl.metadata (80 kB)
Collecting Pillow<12,>=11 (from -r D:\parallel-global-stiffness-assembly-research-and-implementation\demos\csc3_symmetric_assembly_demo\requirements-windows-delivery.txt (line 2))
  Downloading pillow-11.3.0-cp313-cp313-win_amd64.whl.metadata (9.2 kB)
Collecting attrs>=22.2.0 (from jsonschema<5,>=4.23->-r D:\parallel-global-stiffness-assembly-research-and-implementation\demos\csc3_symmetric_assembly_demo\requirements-test.txt (line 1))
  Using cached attrs-26.1.0-py3-none-any.whl.metadata (8.8 kB)
Collecting jsonschema-specifications>=2023.03.6 (from jsonschema<5,>=4.23->-r D:\parallel-global-stiffness-assembly-research-and-implementation\demos\csc3_symmetric_assembly_demo\requirements-test.txt (line 1))
  Using cached jsonschema_specifications-2025.9.1-py3-none-any.whl.metadata (2.9 kB)
Collecting referencing>=0.28.4 (from jsonschema<5,>=4.23->-r D:\parallel-global-stiffness-assembly-research-and-implementation\demos\csc3_symmetric_assembly_demo\requirements-test.txt (line 1))
  Using cached referencing-0.37.0-py3-none-any.whl.metadata (2.8 kB)
Collecting rpds-py>=0.25.0 (from jsonschema<5,>=4.23->-r D:\parallel-global-stiffness-assembly-research-and-implementation\demos\csc3_symmetric_assembly_demo\requirements-test.txt (line 1))
  Using cached rpds_py-2026.6.3-cp313-cp313-win_amd64.whl.metadata (4.2 kB)
Collecting contourpy>=1.0.1 (from matplotlib<4,>=3.10->-r D:\parallel-global-stiffness-assembly-research-and-implementation\demos\csc3_symmetric_assembly_demo\requirements-windows-delivery.txt (line 1))
  Using cached contourpy-1.3.3-cp313-cp313-win_amd64.whl.metadata (5.5 kB)
Collecting cycler>=0.10 (from matplotlib<4,>=3.10->-r D:\parallel-global-stiffness-assembly-research-and-implementation\demos\csc3_symmetric_assembly_demo\requirements-windows-delivery.txt (line 1))
  Using cached cycler-0.12.1-py3-none-any.whl.metadata (3.8 kB)
Collecting fonttools>=4.28.2 (from matplotlib<4,>=3.10->-r D:\parallel-global-stiffness-assembly-research-and-implementation\demos\csc3_symmetric_assembly_demo\requirements-windows-delivery.txt (line 1))
  Using cached fonttools-4.63.0-cp313-cp313-win_amd64.whl.metadata (121 kB)
Collecting kiwisolver>=1.3.1 (from matplotlib<4,>=3.10->-r D:\parallel-global-stiffness-assembly-research-and-implementation\demos\csc3_symmetric_assembly_demo\requirements-windows-delivery.txt (line 1))
  Using cached kiwisolver-1.5.0-cp313-cp313-win_amd64.whl.metadata (5.2 kB)
Collecting numpy>=1.25 (from matplotlib<4,>=3.10->-r D:\parallel-global-stiffness-assembly-research-and-implementation\demos\csc3_symmetric_assembly_demo\requirements-windows-delivery.txt (line 1))
  Using cached numpy-2.5.1-cp313-cp313-win_amd64.whl.metadata (6.6 kB)
Collecting packaging>=20.0 (from matplotlib<4,>=3.10->-r D:\parallel-global-stiffness-assembly-research-and-implementation\demos\csc3_symmetric_assembly_demo\requirements-windows-delivery.txt (line 1))
  Using cached packaging-26.2-py3-none-any.whl.metadata (3.5 kB)
Collecting pyparsing>=3 (from matplotlib<4,>=3.10->-r D:\parallel-global-stiffness-assembly-research-and-implementation\demos\csc3_symmetric_assembly_demo\requirements-windows-delivery.txt (line 1))
  Using cached pyparsing-3.3.2-py3-none-any.whl.metadata (5.8 kB)
Collecting python-dateutil>=2.7 (from matplotlib<4,>=3.10->-r D:\parallel-global-stiffness-assembly-research-and-implementation\demos\csc3_symmetric_assembly_demo\requirements-windows-delivery.txt (line 1))
  Using cached python_dateutil-2.9.0.post0-py2.py3-none-any.whl.metadata (8.4 kB)
Collecting six>=1.5 (from python-dateutil>=2.7->matplotlib<4,>=3.10->-r D:\parallel-global-stiffness-assembly-research-and-implementation\demos\csc3_symmetric_assembly_demo\requirements-windows-delivery.txt (line 1))
  Using cached six-1.17.0-py2.py3-none-any.whl.metadata (1.7 kB)
Using cached jsonschema-4.26.0-py3-none-any.whl (90 kB)
Downloading matplotlib-3.11.1-cp313-cp313-win_amd64.whl (9.3 MB)
   ---------------------------------------- 9.3/9.3 MB 11.5 MB/s  0:00:01
Downloading pillow-11.3.0-cp313-cp313-win_amd64.whl (7.0 MB)
   ---------------------------------------- 7.0/7.0 MB 32.5 MB/s  0:00:00
Using cached attrs-26.1.0-py3-none-any.whl (67 kB)
Using cached contourpy-1.3.3-cp313-cp313-win_amd64.whl (226 kB)
Using cached cycler-0.12.1-py3-none-any.whl (8.3 kB)
Using cached fonttools-4.63.0-cp313-cp313-win_amd64.whl (2.3 MB)
Using cached jsonschema_specifications-2025.9.1-py3-none-any.whl (18 kB)
Using cached kiwisolver-1.5.0-cp313-cp313-win_amd64.whl (73 kB)
Using cached numpy-2.5.1-cp313-cp313-win_amd64.whl (12.4 MB)
Using cached packaging-26.2-py3-none-any.whl (100 kB)
Using cached pyparsing-3.3.2-py3-none-any.whl (122 kB)
Using cached python_dateutil-2.9.0.post0-py2.py3-none-any.whl (229 kB)
Using cached referencing-0.37.0-py3-none-any.whl (26 kB)
Using cached rpds_py-2026.6.3-cp313-cp313-win_amd64.whl (219 kB)
Using cached six-1.17.0-py2.py3-none-any.whl (11 kB)
Installing collected packages: six, rpds-py, pyparsing, Pillow, packaging, numpy, kiwisolver, fonttools, cycler, attrs, referencing, python-dateutil, contourpy, matplotlib, jsonschema-specifications, jsonschema

Successfully installed Pillow-11.3.0 attrs-26.1.0 contourpy-1.3.3 cycler-0.12.1 fonttools-4.63.0 jsonschema-4.26.0 jsonschema-specifications-2025.9.1 kiwisolver-1.5.0 matplotlib-3.11.1 numpy-2.5.1 packaging-26.2 pyparsing-3.3.2 python-dateutil-2.9.0.post0 referencing-0.37.0 rpds-py-2026.6.3 six-1.17.0
