-- Configuring done (0.0s)
-- Generating done (0.0s)
-- Build files have been written to: C:/Users/ADMINI~1/AppData/Local/Temp/csc3-delivery-clean-room-j_ziy_ee/csc3-symmetric-assembly-demo-v0.2.0+06ae0011a4f0/build/delivery
ninja: no work to do.
CTest inventory matches 10 expected 'ci' tests
Test project C:/Users/ADMINI~1/AppData/Local/Temp/csc3-delivery-clean-room-j_ziy_ee/csc3-symmetric-assembly-demo-v0.2.0+06ae0011a4f0/build/delivery
      Start  1: Csc3DemoTests
 1/10 Test  #1: Csc3DemoTests ....................***Not Run (Disabled)   0.00 sec
      Start  2: Csc3DemoConsumer
 2/10 Test  #2: Csc3DemoConsumer .................***Not Run (Disabled)   0.00 sec
      Start  3: Csc3DemoCorrectness
 3/10 Test  #3: Csc3DemoCorrectness ..............***Not Run (Disabled)   0.00 sec
      Start  4: Csc3DemoBenchmarkTiming
 4/10 Test  #4: Csc3DemoBenchmarkTiming ..........***Not Run (Disabled)   0.00 sec
      Start  5: Csc3DemoBenchmarkEngine
 5/10 Test  #5: Csc3DemoBenchmarkEngine ..........***Not Run (Disabled)   0.00 sec
      Start  6: Csc3DemoBenchmarkIo
 6/10 Test  #6: Csc3DemoBenchmarkIo ..............***Not Run (Disabled)   0.00 sec
      Start  7: Csc3DemoInpCase
 7/10 Test  #7: Csc3DemoInpCase ..................***Not Run (Disabled)   0.00 sec
      Start  8: Csc3DemoWindHubBenchmark
 8/10 Test  #8: Csc3DemoWindHubBenchmark .........***Not Run (Disabled)   0.00 sec
      Start  9: Csc3DemoBenchmarkRunner
 9/10 Test  #9: Csc3DemoBenchmarkRunner ..........***Not Run (Disabled)   0.00 sec
      Start 10: Csc3DemoAtomicContention
10/10 Test #10: Csc3DemoAtomicContention .........   Passed    0.01 sec

100% tests passed, 0 tests failed out of 1

Label Time Summary:
ci    =   0.01 sec*proc (10 tests)

Total Test time (real) =   0.04 sec

The following tests did not run:
	  1 - Csc3DemoTests (Disabled)
	  2 - Csc3DemoConsumer (Disabled)
	  3 - Csc3DemoCorrectness (Disabled)
	  4 - Csc3DemoBenchmarkTiming (Disabled)
	  5 - Csc3DemoBenchmarkEngine (Disabled)
	  6 - Csc3DemoBenchmarkIo (Disabled)
	  7 - Csc3DemoInpCase (Disabled)
	  8 - Csc3DemoWindHubBenchmark (Disabled)
	  9 - Csc3DemoBenchmarkRunner (Disabled)
-- Found Python3: D:/csc3-issue54-validation-20260726-14d89fa/venv/Scripts/python.exe (found suitable version "3.13.14", minimum required is "3.11") found components: Interpreter
-- Configuring done (0.2s)
-- Generating done (0.0s)
-- Build files have been written to: C:/Users/ADMINI~1/AppData/Local/Temp/csc3-delivery-clean-room-s_dpk8ms/csc3-symmetric-assembly-demo-v0.2.0+749770cfea9b/build/delivery
ninja: no work to do.
CTest inventory matches 10 expected 'ci' tests
Test project C:/Users/ADMINI~1/AppData/Local/Temp/csc3-delivery-clean-room-s_dpk8ms/csc3-symmetric-assembly-demo-v0.2.0+749770cfea9b/build/delivery
      Start  1: Csc3DemoTests
 1/10 Test  #1: Csc3DemoTests ....................   Passed    0.01 sec
      Start  2: Csc3DemoConsumer
 2/10 Test  #2: Csc3DemoConsumer .................   Passed    0.01 sec
      Start  3: Csc3DemoCorrectness
 3/10 Test  #3: Csc3DemoCorrectness ..............   Passed    0.01 sec
      Start  4: Csc3DemoBenchmarkTiming
 4/10 Test  #4: Csc3DemoBenchmarkTiming ..........   Passed    0.01 sec
      Start  5: Csc3DemoBenchmarkEngine
 5/10 Test  #5: Csc3DemoBenchmarkEngine ..........   Passed    0.01 sec
      Start  6: Csc3DemoBenchmarkIo
 6/10 Test  #6: Csc3DemoBenchmarkIo ..............   Passed    0.01 sec
      Start  7: Csc3DemoInpCase
 7/10 Test  #7: Csc3DemoInpCase ..................   Passed    0.01 sec
      Start  8: Csc3DemoWindHubBenchmark
 8/10 Test  #8: Csc3DemoWindHubBenchmark .........   Passed    0.01 sec
      Start  9: Csc3DemoBenchmarkRunner
 9/10 Test  #9: Csc3DemoBenchmarkRunner ..........   Passed    0.20 sec
      Start 10: Csc3DemoAtomicContention
10/10 Test #10: Csc3DemoAtomicContention .........   Passed    0.01 sec

100% tests passed, 0 tests failed out of 10

Label Time Summary:
ci    =   0.29 sec*proc (10 tests)

Total Test time (real) =   0.30 sec
CTest JUnit validation passed: 10 tests
-- Configuring done (0.0s)
-- Generating done (0.0s)
-- Build files have been written to: C:/Users/ADMINI~1/AppData/Local/Temp/csc3-delivery-clean-room-s_dpk8ms/external-consumer-build
ninja: no work to do.
Test project C:/Users/ADMINI~1/AppData/Local/Temp/csc3-delivery-clean-room-s_dpk8ms/external-consumer-build
    Start 1: Csc3DemoExternalConsumer
1/1 Test #1: Csc3DemoExternalConsumer .........   Passed    0.01 sec

100% tests passed, 0 tests failed out of 1

Total Test time (real) =   0.02 sec
CTest JUnit validation passed: 1 tests
configure: cmake --preset delivery -B '<host-path>/delivery'
build: cmake --build '<host-path>/delivery' --config Release
ctest: ctest --test-dir '<host-path>/delivery' -C Release --label-regex ci --output-on-failure --no-tests=error --output-junit '<host-path>/ctest.xml'
benchmark: '<host-path>/csc3_demo_benchmark.exe' --case generated-tet4 --threads-list 1,2 --warmup 2 --repeat 7 --amortization-count 1 --evidence-level local-smoke --samples-csv '<host-path>/benchmark_samples.csv' --summary-json '<host-path>/benchmark_summary.json' --nx 1 --ny 1 --nz 1
+ cwd=C:\Users\ADMINI~1\AppData\Local\Temp\csc3-delivery-clean-room-j_ziy_ee\csc3-symmetric-assembly-demo-v0.2.0+06ae0011a4f0 command=["cmake", "--preset", "delivery"]
+ cwd=C:\Users\ADMINI~1\AppData\Local\Temp\csc3-delivery-clean-room-j_ziy_ee\csc3-symmetric-assembly-demo-v0.2.0+06ae0011a4f0 command=["cmake", "--build", "--preset", "delivery", "--config", "Release", "--parallel"]
+ cwd=C:\Users\ADMINI~1\AppData\Local\Temp\csc3-delivery-clean-room-j_ziy_ee\csc3-symmetric-assembly-demo-v0.2.0+06ae0011a4f0 command=["D:\\csc3-issue54-validation-20260726-14d89fa\\venv\\Scripts\\python.exe", "C:\\Users\\ADMINI~1\\AppData\\Local\\Temp\\csc3-delivery-clean-room-j_ziy_ee\\csc3-symmetric-assembly-demo-v0.2.0+06ae0011a4f0\\scripts\\check_ctest_inventory.py", "--build-dir", "C:\\Users\\ADMINI~1\\AppData\\Local\\Temp\\csc3-delivery-clean-room-j_ziy_ee\\csc3-symmetric-assembly-demo-v0.2.0+06ae0011a4f0\\build\\delivery", "--expected", "C:\\Users\\ADMINI~1\\AppData\\Local\\Temp\\csc3-delivery-clean-room-j_ziy_ee\\csc3-symmetric-assembly-demo-v0.2.0+06ae0011a4f0\\tests\\ctest\\expected-ci-tests.txt", "--label", "ci", "--ctest", "ctest"]
+ cwd=C:\Users\ADMINI~1\AppData\Local\Temp\csc3-delivery-clean-room-j_ziy_ee\csc3-symmetric-assembly-demo-v0.2.0+06ae0011a4f0 command=["ctest", "--preset", "delivery", "-C", "Release", "--label-regex", "^ci$", "--output-on-failure", "--no-tests=error", "--output-junit", "C:\\Users\\ADMINI~1\\AppData\\Local\\Temp\\csc3-delivery-clean-room-j_ziy_ee\\csc3-symmetric-assembly-demo-v0.2.0+06ae0011a4f0\\build\\delivery\\ctest.xml"]
+ cwd=C:\Users\ADMINI~1\AppData\Local\Temp\csc3-delivery-clean-room-j_ziy_ee\csc3-symmetric-assembly-demo-v0.2.0+06ae0011a4f0 command=["D:\\csc3-issue54-validation-20260726-14d89fa\\venv\\Scripts\\python.exe", "C:\\Users\\ADMINI~1\\AppData\\Local\\Temp\\csc3-delivery-clean-room-j_ziy_ee\\csc3-symmetric-assembly-demo-v0.2.0+06ae0011a4f0\\scripts\\check_ctest_junit.py", "--junit", "C:\\Users\\ADMINI~1\\AppData\\Local\\Temp\\csc3-delivery-clean-room-j_ziy_ee\\csc3-symmetric-assembly-demo-v0.2.0+06ae0011a4f0\\build\\delivery\\ctest.xml", "--expected-tests", "10"]
+ cwd=C:\Users\ADMINI~1\AppData\Local\Temp\csc3-delivery-clean-room-s_dpk8ms\csc3-symmetric-assembly-demo-v0.2.0+749770cfea9b command=["cmake", "--preset", "delivery"]
+ cwd=C:\Users\ADMINI~1\AppData\Local\Temp\csc3-delivery-clean-room-s_dpk8ms\csc3-symmetric-assembly-demo-v0.2.0+749770cfea9b command=["cmake", "--build", "--preset", "delivery", "--config", "Release", "--parallel"]
+ cwd=C:\Users\ADMINI~1\AppData\Local\Temp\csc3-delivery-clean-room-s_dpk8ms\csc3-symmetric-assembly-demo-v0.2.0+749770cfea9b command=["D:\\csc3-issue54-validation-20260726-14d89fa\\venv\\Scripts\\python.exe", "C:\\Users\\ADMINI~1\\AppData\\Local\\Temp\\csc3-delivery-clean-room-s_dpk8ms\\csc3-symmetric-assembly-demo-v0.2.0+749770cfea9b\\scripts\\check_ctest_inventory.py", "--build-dir", "C:\\Users\\ADMINI~1\\AppData\\Local\\Temp\\csc3-delivery-clean-room-s_dpk8ms\\csc3-symmetric-assembly-demo-v0.2.0+749770cfea9b\\build\\delivery", "--expected", "C:\\Users\\ADMINI~1\\AppData\\Local\\Temp\\csc3-delivery-clean-room-s_dpk8ms\\csc3-symmetric-assembly-demo-v0.2.0+749770cfea9b\\tests\\ctest\\expected-ci-tests.txt", "--label", "ci", "--ctest", "ctest"]
+ cwd=C:\Users\ADMINI~1\AppData\Local\Temp\csc3-delivery-clean-room-s_dpk8ms\csc3-symmetric-assembly-demo-v0.2.0+749770cfea9b command=["ctest", "--preset", "delivery", "-C", "Release", "--label-regex", "^ci$", "--output-on-failure", "--no-tests=error", "--output-junit", "C:\\Users\\ADMINI~1\\AppData\\Local\\Temp\\csc3-delivery-clean-room-s_dpk8ms\\csc3-symmetric-assembly-demo-v0.2.0+749770cfea9b\\build\\delivery\\ctest.xml"]
+ cwd=C:\Users\ADMINI~1\AppData\Local\Temp\csc3-delivery-clean-room-s_dpk8ms\csc3-symmetric-assembly-demo-v0.2.0+749770cfea9b command=["D:\\csc3-issue54-validation-20260726-14d89fa\\venv\\Scripts\\python.exe", "C:\\Users\\ADMINI~1\\AppData\\Local\\Temp\\csc3-delivery-clean-room-s_dpk8ms\\csc3-symmetric-assembly-demo-v0.2.0+749770cfea9b\\scripts\\check_ctest_junit.py", "--junit", "C:\\Users\\ADMINI~1\\AppData\\Local\\Temp\\csc3-delivery-clean-room-s_dpk8ms\\csc3-symmetric-assembly-demo-v0.2.0+749770cfea9b\\build\\delivery\\ctest.xml", "--expected-tests", "10"]
+ cwd=C:\Users\ADMINI~1\AppData\Local\Temp\csc3-delivery-clean-room-s_dpk8ms command=["cmake", "-S", "C:\\Users\\ADMINI~1\\AppData\\Local\\Temp\\csc3-delivery-clean-room-s_dpk8ms\\csc3-symmetric-assembly-demo-v0.2.0+749770cfea9b\\tests\\external_consumer", "-B", "C:\\Users\\ADMINI~1\\AppData\\Local\\Temp\\csc3-delivery-clean-room-s_dpk8ms\\external-consumer-build", "-G", "Ninja", "-DCMAKE_BUILD_TYPE=Release", "-DCSC3_DEMO_REQUIRE_OPENMP=ON", "-DCSC3_DEMO_WARNINGS_AS_ERRORS=ON"]
+ cwd=C:\Users\ADMINI~1\AppData\Local\Temp\csc3-delivery-clean-room-s_dpk8ms command=["cmake", "--build", "C:\\Users\\ADMINI~1\\AppData\\Local\\Temp\\csc3-delivery-clean-room-s_dpk8ms\\external-consumer-build", "--config", "Release", "--parallel"]
+ cwd=C:\Users\ADMINI~1\AppData\Local\Temp\csc3-delivery-clean-room-s_dpk8ms command=["ctest", "--test-dir", "C:\\Users\\ADMINI~1\\AppData\\Local\\Temp\\csc3-delivery-clean-room-s_dpk8ms\\external-consumer-build", "-C", "Release", "-R", "^Csc3DemoExternalConsumer$", "--output-on-failure", "--no-tests=error", "--output-junit", "C:\\Users\\ADMINI~1\\AppData\\Local\\Temp\\csc3-delivery-clean-room-s_dpk8ms\\external-consumer-build\\ctest.xml"]
+ cwd=C:\Users\ADMINI~1\AppData\Local\Temp\csc3-delivery-clean-room-s_dpk8ms command=["D:\\csc3-issue54-validation-20260726-14d89fa\\venv\\Scripts\\python.exe", "C:\\Users\\ADMINI~1\\AppData\\Local\\Temp\\csc3-delivery-clean-room-s_dpk8ms\\csc3-symmetric-assembly-demo-v0.2.0+749770cfea9b\\scripts\\check_ctest_junit.py", "--junit", "C:\\Users\\ADMINI~1\\AppData\\Local\\Temp\\csc3-delivery-clean-room-s_dpk8ms\\external-consumer-build\\ctest.xml", "--expected-tests", "1"]
