test_checklist_has_all_acceptance_domains_and_statuses (test_acceptance_documentation.AcceptanceChecklistContractTests.test_checklist_has_all_acceptance_domains_and_statuses) ... ok
test_checklist_states_every_numeric_gate_in_latex (test_acceptance_documentation.AcceptanceChecklistContractTests.test_checklist_states_every_numeric_gate_in_latex) ... ok
test_draft_validator_accepts_complete_pass_fail_and_blocked_records (test_acceptance_documentation.AcceptanceRecordSchemaTests.test_draft_validator_accepts_complete_pass_fail_and_blocked_records) ... ok
test_draft_validator_rejects_incomplete_or_dishonest_pass (test_acceptance_documentation.AcceptanceRecordSchemaTests.test_draft_validator_rejects_incomplete_or_dishonest_pass) ... ok
test_failed_ctest_counts_are_recordable_but_pass_is_strict (test_acceptance_documentation.AcceptanceRecordSchemaTests.test_failed_ctest_counts_are_recordable_but_pass_is_strict) ... ok
test_schema_enforces_deviation_disposition_status_mapping (test_acceptance_documentation.AcceptanceRecordSchemaTests.test_schema_enforces_deviation_disposition_status_mapping) ... ok
test_schema_freezes_distribution_status_sha_and_formal_parameters (test_acceptance_documentation.AcceptanceRecordSchemaTests.test_schema_freezes_distribution_status_sha_and_formal_parameters) ... ok
test_schema_represents_correctness_and_performance_thresholds (test_acceptance_documentation.AcceptanceRecordSchemaTests.test_schema_represents_correctness_and_performance_thresholds) ... ok
test_schema_uses_draft_2020_12_and_requires_full_record (test_acceptance_documentation.AcceptanceRecordSchemaTests.test_schema_uses_draft_2020_12_and_requires_full_record) ... ok
test_signature_fields_are_references_not_fabricated_signatures (test_acceptance_documentation.AcceptanceRecordSchemaTests.test_signature_fields_are_references_not_fabricated_signatures) ... ok
test_verifier_outputs_are_hash_bound_with_truthful_formats (test_acceptance_documentation.AcceptanceRecordSchemaTests.test_verifier_outputs_are_hash_bound_with_truthful_formats) ... ok
test_template_is_visibly_incomplete_and_covers_delivery_boundary (test_acceptance_documentation.DeliveryNoteContractTests.test_template_is_visibly_incomplete_and_covers_delivery_boundary) ... ok
test_approvals_and_markdown_sidecars_bind_the_completed_candidate (test_acceptance_documentation.LinuxRunbookContractTests.test_approvals_and_markdown_sidecars_bind_the_completed_candidate) ... ok
test_automated_candidate_is_not_final_acceptance (test_acceptance_documentation.LinuxRunbookContractTests.test_automated_candidate_is_not_final_acceptance) ... ok
test_candidate_outcome_records_a_stable_completion_timestamp (test_acceptance_documentation.LinuxRunbookContractTests.test_candidate_outcome_records_a_stable_completion_timestamp) ... ok
test_ci_runs_restricted_affinity_negative_inside_existing_runner_test (test_acceptance_documentation.LinuxRunbookContractTests.test_ci_runs_restricted_affinity_negative_inside_existing_runner_test) ... ok
test_cpu_vendor_probe_is_pipefail_safe (test_acceptance_documentation.LinuxRunbookContractTests.test_cpu_vendor_probe_is_pipefail_safe) ... ok
test_early_preflight_failures_always_leave_blocker_evidence (test_acceptance_documentation.LinuxRunbookContractTests.test_early_preflight_failures_always_leave_blocker_evidence) ... ok
test_every_normative_shell_block_is_valid_bash (test_acceptance_documentation.LinuxRunbookContractTests.test_every_normative_shell_block_is_valid_bash) ... skipped 'normative Bash syntax is validated on POSIX CI'
test_exactly_three_independent_shells_share_the_formal_prologue (test_acceptance_documentation.LinuxRunbookContractTests.test_exactly_three_independent_shells_share_the_formal_prologue) ... ok
test_external_formal_package_is_repeated_and_verified_both_ways (test_acceptance_documentation.LinuxRunbookContractTests.test_external_formal_package_is_repeated_and_verified_both_ways) ... ok
test_failure_policy_retains_evidence_without_creating_acceptance_zip (test_acceptance_documentation.LinuxRunbookContractTests.test_failure_policy_retains_evidence_without_creating_acceptance_zip) ... ok
test_finalization_is_not_a_self_referential_precondition (test_acceptance_documentation.LinuxRunbookContractTests.test_finalization_is_not_a_self_referential_precondition) ... ok
test_formal_runner_and_report_commands_are_fixed (test_acceptance_documentation.LinuxRunbookContractTests.test_formal_runner_and_report_commands_are_fixed) ... ok
test_independent_assertions_cover_manifest_identity_and_ten_tests (test_acceptance_documentation.LinuxRunbookContractTests.test_independent_assertions_cover_manifest_identity_and_ten_tests) ... ok
test_preflight_binds_main_reachability_and_the_selected_compiler (test_acceptance_documentation.LinuxRunbookContractTests.test_preflight_binds_main_reachability_and_the_selected_compiler) ... ok
test_preflight_captures_environment_and_derives_required_thread_set (test_acceptance_documentation.LinuxRunbookContractTests.test_preflight_captures_environment_and_derives_required_thread_set) ... ok
test_preflight_enforces_documented_python_and_gcc_minimums (test_acceptance_documentation.LinuxRunbookContractTests.test_preflight_enforces_documented_python_and_gcc_minimums) ... ok
test_preflight_is_exact_source_controlled_linux_intel_and_lfs_bound (test_acceptance_documentation.LinuxRunbookContractTests.test_preflight_is_exact_source_controlled_linux_intel_and_lfs_bound) ... ok
test_preflight_rejects_git_object_interpretation_overrides (test_acceptance_documentation.LinuxRunbookContractTests.test_preflight_rejects_git_object_interpretation_overrides) ... ok
test_tool_preflight_matches_design_and_probes_gnu_extensions (test_acceptance_documentation.LinuxRunbookContractTests.test_tool_preflight_matches_design_and_probes_gnu_extensions) ... ok
test_two_stage_acceptance_commands_are_normative (test_acceptance_documentation.LinuxRunbookContractTests.test_two_stage_acceptance_commands_are_normative) ... ok
test_all_formal_acceptance_documents_exist (test_acceptance_documentation.RequiredDocumentTests.test_all_formal_acceptance_documents_exist) ... ok
test_packaging_and_demo_readmes_link_every_acceptance_entrypoint (test_acceptance_documentation.RequiredDocumentTests.test_packaging_and_demo_readmes_link_every_acceptance_entrypoint) ... ok
test_packaging_readme_distinguishes_mode_specific_evidence_files (test_acceptance_documentation.RequiredDocumentTests.test_packaging_readme_distinguishes_mode_specific_evidence_files) ... ok
test_ci_inventory_is_exact_and_ordered (test_ci_contract.CiBuildContractTests.test_ci_inventory_is_exact_and_ordered) ... ok
test_cmake_checks_schema_validator_only_for_acceptance_tests (test_ci_contract.CiBuildContractTests.test_cmake_checks_schema_validator_only_for_acceptance_tests) ... ok
test_cmake_registers_strict_ci_targets (test_ci_contract.CiBuildContractTests.test_cmake_registers_strict_ci_targets) ... ok
test_cmake_registration_order_matches_ci_inventory (test_ci_contract.CiBuildContractTests.test_cmake_registration_order_matches_ci_inventory) ... ok
test_cpp_inventory_has_documented_authoritative_path (test_ci_contract.CiBuildContractTests.test_cpp_inventory_has_documented_authoritative_path) ... ok
test_cpp_inventory_is_exact_and_excludes_acceptance_runner (test_ci_contract.CiBuildContractTests.test_cpp_inventory_is_exact_and_excludes_acceptance_runner) ... ok
test_delivery_and_sanitizer_presets_are_strict (test_ci_contract.CiBuildContractTests.test_delivery_and_sanitizer_presets_are_strict) ... ok
test_external_consumer_is_a_separate_cmake_project (test_ci_contract.CiBuildContractTests.test_external_consumer_is_a_separate_cmake_project) ... ok
test_sanitizer_ci_runs_the_exact_cpp_inventory (test_ci_contract.CiBuildContractTests.test_sanitizer_ci_runs_the_exact_cpp_inventory) ... ok
test_schema_validator_dependency_is_declared_exactly_once (test_ci_contract.CiBuildContractTests.test_schema_validator_dependency_is_declared_exactly_once) ... ok
test_subproject_does_not_initialize_parent_testing_state (test_ci_contract.CiBuildContractTests.test_subproject_does_not_initialize_parent_testing_state) ... ok
test_expected_inventory_rejects_duplicates (test_ci_helpers.InventoryHelperTests.test_expected_inventory_rejects_duplicates) ... ok
test_labeled_inventory_is_exact (test_ci_helpers.InventoryHelperTests.test_labeled_inventory_is_exact) ... ok
test_clean_junit_has_only_passing_cases (test_ci_helpers.JunitHelperTests.test_clean_junit_has_only_passing_cases) ... ok
test_skip_and_not_run_are_counted (test_ci_helpers.JunitHelperTests.test_skip_and_not_run_are_counted) ... ok
test_cache_directory_is_rejected (test_create_windows_delivery.WindowsDeliveryTests.test_cache_directory_is_rejected) ... ok
test_incomplete_build_counts_are_rejected (test_create_windows_delivery.WindowsDeliveryTests.test_incomplete_build_counts_are_rejected) ... ok
test_package_contains_nested_source_and_verified_checksums (test_create_windows_delivery.WindowsDeliveryTests.test_package_contains_nested_source_and_verified_checksums) ... ok
test_source_zip_is_read_from_declared_commit_not_dirty_worktree (test_create_windows_delivery.WindowsDeliveryTests.test_source_zip_is_read_from_declared_commit_not_dirty_worktree) ... ok
test_tampered_artifact_hash_is_rejected (test_create_windows_delivery.WindowsDeliveryTests.test_tampered_artifact_hash_is_rejected) ... ok
test_tampered_summary_is_rejected_even_when_manifest_hash_is_updated (test_create_windows_delivery.WindowsDeliveryTests.test_tampered_summary_is_rejected_even_when_manifest_hash_is_updated) ... ok
test_delivery_policy_documents_are_explicit (test_delivery_package.DeliveryPackageModuleTests.test_delivery_policy_documents_are_explicit) ... ok
test_packager_module_exists (test_delivery_package.DeliveryPackageModuleTests.test_packager_module_exists) ... ok
test_two_stage_acceptance_handoff_is_normative_and_not_manual (test_delivery_package.DeliveryPackageModuleTests.test_two_stage_acceptance_handoff_is_normative_and_not_manual) ... ok
test_archive_is_deterministic_and_contains_only_the_delivery_whitelist (test_delivery_package.DeterministicArchiveTests.test_archive_is_deterministic_and_contains_only_the_delivery_whitelist) ... ok
test_cli_accepts_the_complete_external_formal_mode (test_delivery_package.DeterministicArchiveTests.test_cli_accepts_the_complete_external_formal_mode) ... ok
test_cli_digest_is_bound_before_published_path_mutation (test_delivery_package.DeterministicArchiveTests.test_cli_digest_is_bound_before_published_path_mutation) ... ok
test_cli_rejects_partial_mixed_modes_and_unsafe_bundle_ids (test_delivery_package.DeterministicArchiveTests.test_cli_rejects_partial_mixed_modes_and_unsafe_bundle_ids) ... ok
test_committed_mode_rejects_git_replace_blob_substitution (test_delivery_package.DeterministicArchiveTests.test_committed_mode_rejects_git_replace_blob_substitution) ... ok
test_committed_mode_rejects_git_replace_object_substitution (test_delivery_package.DeterministicArchiveTests.test_committed_mode_rejects_git_replace_object_substitution) ... ok
test_committed_mode_rejects_head_advance_after_commit_capture (test_delivery_package.DeterministicArchiveTests.test_committed_mode_rejects_head_advance_after_commit_capture) ... ok
test_crlf_evidence_with_stale_raw_hash_is_rejected_after_normalization (test_delivery_package.DeterministicArchiveTests.test_crlf_evidence_with_stale_raw_hash_is_rejected_after_normalization) ... ok
test_destination_race_fails_without_clobbering_competing_bytes (test_delivery_package.DeterministicArchiveTests.test_destination_race_fails_without_clobbering_competing_bytes) ... ok
test_dirty_tracked_file_is_rejected (test_delivery_package.DeterministicArchiveTests.test_dirty_tracked_file_is_rejected) ... ok
test_evidence_outside_demo_is_rejected (test_delivery_package.DeterministicArchiveTests.test_evidence_outside_demo_is_rejected) ... ok
test_existing_archive_is_rejected_without_replacement (test_delivery_package.DeterministicArchiveTests.test_existing_archive_is_rejected_without_replacement) ... ok
test_existing_archive_symlink_is_rejected_without_following (test_delivery_package.DeterministicArchiveTests.test_existing_archive_symlink_is_rejected_without_following) ... ok
test_external_evidence_is_validated_from_one_captured_snapshot (test_delivery_package.DeterministicArchiveTests.test_external_evidence_is_validated_from_one_captured_snapshot) ... ok
test_external_evidence_symlink_missing_or_extra_file_is_rejected_before_write (test_delivery_package.DeterministicArchiveTests.test_external_evidence_symlink_missing_or_extra_file_is_rejected_before_write) ... ok
test_external_formal_mode_rechecks_head_immediately_before_publish (test_delivery_package.DeterministicArchiveTests.test_external_formal_mode_rechecks_head_immediately_before_publish) ... ok
test_external_formal_source_commit_mismatch_is_rejected_before_write (test_delivery_package.DeterministicArchiveTests.test_external_formal_source_commit_mismatch_is_rejected_before_write) ... ok
test_external_inputs_must_resolve_outside_the_git_repository (test_delivery_package.DeterministicArchiveTests.test_external_inputs_must_resolve_outside_the_git_repository) ... ok
test_external_mode_rejects_nonpass_or_nonformal_delivery_evidence (test_delivery_package.DeterministicArchiveTests.test_external_mode_rejects_nonpass_or_nonformal_delivery_evidence) ... ok
test_external_report_symlink_is_rejected_before_write (test_delivery_package.DeterministicArchiveTests.test_external_report_symlink_is_rejected_before_write) ... ok
test_formal_fixture_artifacts_use_canonical_lf_bytes (test_delivery_package.DeterministicArchiveTests.test_formal_fixture_artifacts_use_canonical_lf_bytes) ... ok
test_identical_external_inputs_produce_byte_identical_archives (test_delivery_package.DeterministicArchiveTests.test_identical_external_inputs_produce_byte_identical_archives) ... ok
test_one_byte_external_report_drift_is_rejected_before_write (test_delivery_package.DeterministicArchiveTests.test_one_byte_external_report_drift_is_rejected_before_write) ... ok
test_output_directory_symlink_is_rejected_without_following (test_delivery_package.DeterministicArchiveTests.test_output_directory_symlink_is_rejected_without_following) ... ok
test_packager_rejects_non_strict_evidence_manifest_json (test_delivery_package.DeterministicArchiveTests.test_packager_rejects_non_strict_evidence_manifest_json) ... ok
test_publish_digest_is_bound_to_archive_in_private_staging (test_delivery_package.DeterministicArchiveTests.test_publish_digest_is_bound_to_archive_in_private_staging) ... ok
test_publish_rejects_repository_dirtied_after_members_are_captured (test_delivery_package.DeterministicArchiveTests.test_publish_rejects_repository_dirtied_after_members_are_captured) ... ok
test_required_evidence_artifact_binding_cannot_be_omitted (test_delivery_package.DeterministicArchiveTests.test_required_evidence_artifact_binding_cannot_be_omitted) ... ok
test_snapshot_git_reads_are_pinned_to_the_captured_commit (test_delivery_package.DeterministicArchiveTests.test_snapshot_git_reads_are_pinned_to_the_captured_commit) ... ok
test_stale_fixed_temporary_symlink_is_never_followed (test_delivery_package.DeterministicArchiveTests.test_stale_fixed_temporary_symlink_is_never_followed) ... ok
test_symlinked_output_parent_is_the_documented_trust_boundary (test_delivery_package.DeterministicArchiveTests.test_symlinked_output_parent_is_the_documented_trust_boundary) ... ok
test_unsafe_external_bundle_ids_are_rejected_before_write (test_delivery_package.DeterministicArchiveTests.test_unsafe_external_bundle_ids_are_rejected_before_write) ... ok
test_untracked_file_is_rejected (test_delivery_package.DeterministicArchiveTests.test_untracked_file_is_rejected) ... ok
test_valid_external_formal_bundle_is_packaged_from_exact_source_commit (test_delivery_package.DeterministicArchiveTests.test_valid_external_formal_bundle_is_packaged_from_exact_source_commit) ... ok
test_forged_package_root_is_rejected (test_delivery_test_context.RepositoryWorkflowBoundaryTests.test_forged_package_root_is_rejected) ... ok
test_missing_repository_and_package_context_fails_closed (test_delivery_test_context.RepositoryWorkflowBoundaryTests.test_missing_repository_and_package_context_fails_closed) ... ok
test_repository_checkout_reads_the_real_workflow (test_delivery_test_context.RepositoryWorkflowBoundaryTests.test_repository_checkout_reads_the_real_workflow) ... ok
test_standalone_package_has_an_explicit_build_info_boundary (test_delivery_test_context.RepositoryWorkflowBoundaryTests.test_standalone_package_has_an_explicit_build_info_boundary) ... ok
test_unrelated_parent_workflow_is_not_treated_as_repository_context (test_delivery_test_context.RepositoryWorkflowBoundaryTests.test_unrelated_parent_workflow_is_not_treated_as_repository_context) ... ok
test_cli_reports_unsupported_platform_without_reading_inputs (test_finalize_delivery.FinalizationPlatformContractTests.test_cli_reports_unsupported_platform_without_reading_inputs) ... ok
test_unsupported_platform_fails_before_reading_any_input (test_finalize_delivery.FinalizationPlatformContractTests.test_unsupported_platform_fails_before_reading_any_input) ... ok
test_canonical_threads_cover_32_16_12_and_8_physical_cores (test_formal_host.FormalHostContractTests.test_canonical_threads_cover_32_16_12_and_8_physical_cores) ... ok
test_collects_online_affinity_and_package_core_topology (test_formal_host.FormalHostContractTests.test_collects_online_affinity_and_package_core_topology) ... ok
test_conflicting_environment_snapshot_contains_sorted_keys_only (test_formal_host.FormalHostContractTests.test_conflicting_environment_snapshot_contains_sorted_keys_only) ... ok
test_conflicting_openmp_runtime_limits_are_blockers (test_formal_host.FormalHostContractTests.test_conflicting_openmp_runtime_limits_are_blockers) ... ok
test_forged_full_host_affinity_boolean_cannot_hide_set_mismatch (test_formal_host.FormalHostContractTests.test_forged_full_host_affinity_boolean_cannot_hide_set_mismatch) ... ok
test_hosts_below_16_physical_cores_are_blocked (test_formal_host.FormalHostContractTests.test_hosts_below_16_physical_cores_are_blocked) ... ok
test_incomplete_per_cpu_topology_has_no_physical_fallback (test_formal_host.FormalHostContractTests.test_incomplete_per_cpu_topology_has_no_physical_fallback) ... ok
test_invalid_physical_core_counts_do_not_create_thread_contracts (test_formal_host.FormalHostContractTests.test_invalid_physical_core_counts_do_not_create_thread_contracts) ... ok
test_missing_online_topology_is_not_replaced_by_logical_count (test_formal_host.FormalHostContractTests.test_missing_online_topology_is_not_replaced_by_logical_count) ... ok
test_parse_cpu_list_expands_ranges_sorts_and_deduplicates (test_formal_host.FormalHostContractTests.test_parse_cpu_list_expands_ranges_sorts_and_deduplicates) ... ok
test_parse_cpu_list_rejects_malformed_or_reversed_ranges (test_formal_host.FormalHostContractTests.test_parse_cpu_list_rejects_malformed_or_reversed_ranges) ... ok
test_same_count_different_affinity_set_is_blocked (test_formal_host.FormalHostContractTests.test_same_count_different_affinity_set_is_blocked) ... ok
test_sanitized_environment_is_canonical_and_removes_pollution (test_formal_host.FormalHostContractTests.test_sanitized_environment_is_canonical_and_removes_pollution) ... ok
test_valid_16_core_unrestricted_host_has_no_blockers (test_formal_host.FormalHostContractTests.test_valid_16_core_unrestricted_host_has_no_blockers) ... ok
test_amortized_tolerance_uses_expected_value_only (test_generate_test_report.CsvContractTests.test_amortized_tolerance_uses_expected_value_only) ... ok
test_bad_integer_and_float_text_are_rejected (test_generate_test_report.CsvContractTests.test_bad_integer_and_float_text_are_rejected) ... ok
test_coordinated_csv_and_json_case_forgery_is_rejected (test_generate_test_report.CsvContractTests.test_coordinated_csv_and_json_case_forgery_is_rejected) ... ok
test_cross_file_fields_and_csv_speedups_are_bound (test_generate_test_report.CsvContractTests.test_cross_file_fields_and_csv_speedups_are_bound) ... ok
test_header_drift_duplicate_fields_and_trailing_data_are_rejected (test_generate_test_report.CsvContractTests.test_header_drift_duplicate_fields_and_trailing_data_are_rejected) ... ok
test_phase_and_amortized_identities_are_rejected (test_generate_test_report.CsvContractTests.test_phase_and_amortized_identities_are_rejected) ... ok
test_raw_thread_and_root_scatter_tampering_is_rejected (test_generate_test_report.CsvContractTests.test_raw_thread_and_root_scatter_tampering_is_rejected) ... ok
test_sample_identity_kind_count_and_serial_drift_are_rejected (test_generate_test_report.CsvContractTests.test_sample_identity_kind_count_and_serial_drift_are_rejected) ... ok
test_v2_boolean_text_is_exact_lowercase_and_bound_to_summary (test_generate_test_report.CsvContractTests.test_v2_boolean_text_is_exact_lowercase_and_bound_to_summary) ... ok
test_cmake_keeps_one_runner_ctest_and_discovers_all_python_tests (test_generate_test_report.DiscoveryContractTests.test_cmake_keeps_one_runner_ctest_and_discovers_all_python_tests) ... ok
test_report_inventory_matches_ordered_ci_contract (test_generate_test_report.DiscoveryContractTests.test_report_inventory_matches_ordered_ci_contract) ... ok
test_each_formal_provenance_condition_prevents_pass (test_generate_test_report.FormalProvenanceTests.test_each_formal_provenance_condition_prevents_pass) ... ok
test_formal_command_paths_use_host_independent_pure_path_semantics (test_generate_test_report.FormalProvenanceTests.test_formal_command_paths_use_host_independent_pure_path_semantics) ... ok
test_formal_fail_requires_consistent_nonzero_benchmark_exit (test_generate_test_report.FormalProvenanceTests.test_formal_fail_requires_consistent_nonzero_benchmark_exit) ... ok
test_formal_identity_checks_are_ordered_successful_and_bound_to_start (test_generate_test_report.FormalProvenanceTests.test_formal_identity_checks_are_ordered_successful_and_bound_to_start) ... ok
test_formal_pass_manifest_rejects_any_provenance_defect (test_generate_test_report.FormalProvenanceTests.test_formal_pass_manifest_rejects_any_provenance_defect) ... ok
test_formal_pass_requires_matching_task_return_and_exit_codes (test_generate_test_report.FormalProvenanceTests.test_formal_pass_requires_matching_task_return_and_exit_codes) ... ok
test_formal_task_and_command_schema_semantics_are_exact (test_generate_test_report.FormalProvenanceTests.test_formal_task_and_command_schema_semantics_are_exact) ... ok
test_generated_grid_command_semantics_are_bound (test_generate_test_report.FormalProvenanceTests.test_generated_grid_command_semantics_are_bound) ... ok
test_amd64_is_an_allowed_formal_architecture (test_generate_test_report.HappyPathTests.test_amd64_is_an_allowed_formal_architecture) ... ok
test_complete_formal_technical_evidence_gate_is_pass (test_generate_test_report.HappyPathTests.test_complete_formal_technical_evidence_gate_is_pass) ... ok
test_csv_row_order_does_not_select_the_formal_gate (test_generate_test_report.HappyPathTests.test_csv_row_order_does_not_select_the_formal_gate) ... ok
test_delivery_intent_with_nonformal_evidence_is_blocked (test_generate_test_report.HappyPathTests.test_delivery_intent_with_nonformal_evidence_is_blocked) ... ok
test_formal_evidence_with_non_delivery_intent_is_blocked (test_generate_test_report.HappyPathTests.test_formal_evidence_with_non_delivery_intent_is_blocked) ... ok
test_formal_technical_evidence_gate_fail_with_retained_evidence_is_fail (test_generate_test_report.HappyPathTests.test_formal_technical_evidence_gate_fail_with_retained_evidence_is_fail) ... ok
test_generated_threshold_eligible_data_remains_entirely_not_applicable (test_generate_test_report.HappyPathTests.test_generated_threshold_eligible_data_remains_entirely_not_applicable) ... ok
test_local_happy_path_recomputes_local_smoke_without_writing (test_generate_test_report.HappyPathTests.test_local_happy_path_recomputes_local_smoke_without_writing) ... ok
test_nonformal_hex8_windhub_uses_windows_input_basename (test_generate_test_report.HappyPathTests.test_nonformal_hex8_windhub_uses_windows_input_basename) ... ok
test_nonformal_windhub_retains_eligibility_without_claiming_requirements (test_generate_test_report.HappyPathTests.test_nonformal_windhub_retains_eligibility_without_claiming_requirements) ... ok
test_requested_order_selects_the_first_eligible_formal_thread (test_generate_test_report.HappyPathTests.test_requested_order_selects_the_first_eligible_formal_thread) ... ok
test_schema_valid_nonzero_correctness_evidence_is_retained_as_fail (test_generate_test_report.HappyPathTests.test_schema_valid_nonzero_correctness_evidence_is_retained_as_fail) ... ok
test_schema_valid_root_structure_failure_is_retained_as_fail (test_generate_test_report.HappyPathTests.test_schema_valid_root_structure_failure_is_retained_as_fail) ... ok
test_serial_statistics_take_each_measured_index_once (test_generate_test_report.HappyPathTests.test_serial_statistics_take_each_measured_index_once) ... ok
test_v1_formal_or_delivery_evidence_is_rejected (test_generate_test_report.HappyPathTests.test_v1_formal_or_delivery_evidence_is_rejected) ... ok
test_v1_local_smoke_remains_read_only_compatible (test_generate_test_report.HappyPathTests.test_v1_local_smoke_remains_read_only_compatible) ... ok
test_v2_uses_manifest_bound_csv_snapshot_after_path_swap (test_generate_test_report.HappyPathTests.test_v2_uses_manifest_bound_csv_snapshot_after_path_swap) ... ok
test_windhub_repository_relative_path_has_basename_priority (test_generate_test_report.HappyPathTests.test_windhub_repository_relative_path_has_basename_priority) ... ok
test_failure_error_skip_disabled_and_notrun_are_rejected (test_generate_test_report.JunitContractTests.test_failure_error_skip_disabled_and_notrun_are_rejected) ... ok
test_missing_extra_duplicate_and_empty_names_are_rejected (test_generate_test_report.JunitContractTests.test_missing_extra_duplicate_and_empty_names_are_rejected) ... ok
test_optional_undeclared_error_count_matches_real_ctest_junit (test_generate_test_report.JunitContractTests.test_optional_undeclared_error_count_matches_real_ctest_junit) ... ok
test_root_declared_counts_must_be_zero_integers (test_generate_test_report.JunitContractTests.test_root_declared_counts_must_be_zero_integers) ... ok
test_all_artifacts_are_hashed_before_any_content_is_parsed (test_generate_test_report.ManifestAndArtifactTests.test_all_artifacts_are_hashed_before_any_content_is_parsed) ... ok
test_identity_checks_is_a_stable_manifest_list (test_generate_test_report.ManifestAndArtifactTests.test_identity_checks_is_a_stable_manifest_list) ... ok
test_manifest_schema_types_source_and_time_are_strict (test_generate_test_report.ManifestAndArtifactTests.test_manifest_schema_types_source_and_time_are_strict) ... ok
test_size_sha_and_additional_artifact_are_validated (test_generate_test_report.ManifestAndArtifactTests.test_size_sha_and_additional_artifact_are_validated) ... ok
test_thread_counts_and_binding_environment_are_exact (test_generate_test_report.ManifestAndArtifactTests.test_thread_counts_and_binding_environment_are_exact) ... ok
test_unsafe_duplicate_and_missing_artifact_bindings_are_rejected (test_generate_test_report.ManifestAndArtifactTests.test_unsafe_duplicate_and_missing_artifact_bindings_are_rejected) ... ok
test_every_summary_statistic_class_is_recomputed_from_csv (test_generate_test_report.StatisticsGateAndValidationTests.test_every_summary_statistic_class_is_recomputed_from_csv) ... ok
test_per_thread_summary_order_matches_requested_order (test_generate_test_report.StatisticsGateAndValidationTests.test_per_thread_summary_order_matches_requested_order) ... ok
test_root_tet4_and_hex8_reference_scaled_tolerances_are_recomputed (test_generate_test_report.StatisticsGateAndValidationTests.test_root_tet4_and_hex8_reference_scaled_tolerances_are_recomputed) ... ok
test_serial_cv_cannot_be_forged_to_formal_pass (test_generate_test_report.StatisticsGateAndValidationTests.test_serial_cv_cannot_be_forged_to_formal_pass) ... ok
test_serial_statistics_numeric_algorithm_speedup_cv_and_gate_are_recomputed (test_generate_test_report.StatisticsGateAndValidationTests.test_serial_statistics_numeric_algorithm_speedup_cv_and_gate_are_recomputed) ... ok
test_validation_case_schema_order_metric_and_status_are_rejected (test_generate_test_report.StatisticsGateAndValidationTests.test_validation_case_schema_order_metric_and_status_are_rejected) ... ok
test_cli_rejects_forged_or_incomplete_formal_command_provenance (test_generate_test_report_renderer.CliContractTests.test_cli_rejects_forged_or_incomplete_formal_command_provenance) ... ok
test_cli_rejects_huge_json_numbers_without_traceback_or_report (test_generate_test_report_renderer.CliContractTests.test_cli_rejects_huge_json_numbers_without_traceback_or_report) ... ok
test_cli_rejects_usage_errors_with_exit_one_and_no_report (test_generate_test_report_renderer.CliContractTests.test_cli_rejects_usage_errors_with_exit_one_and_no_report) ... ok
test_cli_validation_error_exits_one_without_report (test_generate_test_report_renderer.CliContractTests.test_cli_validation_error_exits_one_without_report) ... ok
test_cli_works_from_unrelated_directory_and_maps_valid_statuses (test_generate_test_report_renderer.CliContractTests.test_cli_works_from_unrelated_directory_and_maps_valid_statuses) ... ok
test_ctest_table_reports_all_ten_validated_tests (test_generate_test_report_renderer.RendererContractTests.test_ctest_table_reports_all_ten_validated_tests) ... ok
test_formal_fail_is_a_technical_gate_failure_not_overall_acceptance (test_generate_test_report_renderer.RendererContractTests.test_formal_fail_is_a_technical_gate_failure_not_overall_acceptance) ... ok
test_formal_pass_is_only_a_technical_gate_package_candidate (test_generate_test_report_renderer.RendererContractTests.test_formal_pass_is_only_a_technical_gate_package_candidate) ... ok
test_identical_validated_evidence_renders_identical_bytes (test_generate_test_report_renderer.RendererContractTests.test_identical_validated_evidence_renders_identical_bytes) ... ok
test_local_report_has_all_sections_and_exact_boundary_warnings (test_generate_test_report_renderer.RendererContractTests.test_local_report_has_all_sections_and_exact_boundary_warnings) ... ok
test_numeric_timing_basis_and_amortized_formula_are_explicit (test_generate_test_report_renderer.RendererContractTests.test_numeric_timing_basis_and_amortized_formula_are_explicit) ... ok
test_performance_uses_only_recomputed_statistics_and_gate (test_generate_test_report_renderer.RendererContractTests.test_performance_uses_only_recomputed_statistics_and_gate) ... ok
test_reordered_ctest_inventory_is_rejected (test_generate_test_report_renderer.RendererContractTests.test_reordered_ctest_inventory_is_rejected) ... ok
test_report_contains_auditable_contract_metrics_and_provenance (test_generate_test_report_renderer.RendererContractTests.test_report_contains_auditable_contract_metrics_and_provenance) ... ok
test_atomic_publish_requires_the_destination_hard_link_to_exist (test_generate_test_report_renderer.WriterContractTests.test_atomic_publish_requires_the_destination_hard_link_to_exist) ... ok
test_dangling_output_symlink_is_refused_without_writing_its_target (test_generate_test_report_renderer.WriterContractTests.test_dangling_output_symlink_is_refused_without_writing_its_target) ... ok
test_existing_output_is_refused_without_mutating_evidence (test_generate_test_report_renderer.WriterContractTests.test_existing_output_is_refused_without_mutating_evidence) ... ok
test_formal_fail_and_nonformal_delivery_blocked_are_written (test_generate_test_report_renderer.WriterContractTests.test_formal_fail_and_nonformal_delivery_blocked_are_written) ... ok
test_manifest_and_every_bound_artifact_are_refused_as_output (test_generate_test_report_renderer.WriterContractTests.test_manifest_and_every_bound_artifact_are_refused_as_output) ... ok
test_validation_error_precedes_output_directory_creation (test_generate_test_report_renderer.WriterContractTests.test_validation_error_precedes_output_directory_creation) ... ok
test_write_failure_leaves_evidence_and_destination_unmodified (test_generate_test_report_renderer.WriterContractTests.test_write_failure_leaves_evidence_and_destination_unmodified) ... ok
test_missing_measured_sample_is_rejected (test_generate_windows_delivery_report.WindowsReportTests.test_missing_measured_sample_is_rejected) ... ok
test_report_has_exact_eight_chapters_and_figure_qa (test_generate_windows_delivery_report.WindowsReportTests.test_report_has_exact_eight_chapters_and_figure_qa) ... ok
test_summary_statistics_are_recomputed_from_csv (test_generate_windows_delivery_report.WindowsReportTests.test_summary_statistics_are_recomputed_from_csv) ... ok
test_outer_archive_is_deterministic_and_checksum_complete (test_internal_handoff.ArchiveTests.test_outer_archive_is_deterministic_and_checksum_complete) ... ok
test_verification_rejects_embedded_pass_text_inside_failure (test_internal_handoff.ArchiveTests.test_verification_rejects_embedded_pass_text_inside_failure) ... ok
test_accepts_crlf_checkout_when_manifest_binds_canonical_lf (test_internal_handoff.PerformanceDataTests.test_accepts_crlf_checkout_when_manifest_binds_canonical_lf) ... ok
test_archived_local_smoke_metrics_are_recomputed_from_raw_samples (test_internal_handoff.PerformanceDataTests.test_archived_local_smoke_metrics_are_recomputed_from_raw_samples) ... ok
test_reader_facing_conclusion_is_derived_from_speedups (test_internal_handoff.PerformanceDataTests.test_reader_facing_conclusion_is_derived_from_speedups) ... ok
test_reader_facing_report_states_the_nonformal_boundary (test_internal_handoff.PerformanceDataTests.test_reader_facing_report_states_the_nonformal_boundary) ... ok
test_rejects_csv_case_identity_mismatch (test_internal_handoff.PerformanceDataTests.test_rejects_csv_case_identity_mismatch) ... ok
test_rejects_duplicate_measured_sample_index (test_internal_handoff.PerformanceDataTests.test_rejects_duplicate_measured_sample_index) ... ok
test_rejects_duplicate_thread_summary (test_internal_handoff.PerformanceDataTests.test_rejects_duplicate_thread_summary) ... ok
test_rejects_invalid_evidence_commit_sha (test_internal_handoff.PerformanceDataTests.test_rejects_invalid_evidence_commit_sha) ... ok
test_cli_reports_unsupported_platform_without_creating_outputs (test_prepare_acceptance_materials.AcceptanceDraftPlatformContractTests.test_cli_reports_unsupported_platform_without_creating_outputs) ... ok
test_unsupported_platform_fails_before_reading_candidate_or_outputs (test_prepare_acceptance_materials.AcceptanceDraftPlatformContractTests.test_unsupported_platform_fails_before_reading_candidate_or_outputs) ... ok
test_junit_failure_and_skip_are_rejected (test_run_benchmark.EvidenceValidationTests.test_junit_failure_and_skip_are_rejected) ... ok
test_junit_requires_actual_testcases_matching_declared_count (test_run_benchmark.EvidenceValidationTests.test_junit_requires_actual_testcases_matching_declared_count) ... ok
test_materialized_tracked_input_must_match_head_lfs_pointer (test_run_benchmark.EvidenceValidationTests.test_materialized_tracked_input_must_match_head_lfs_pointer) ... ok
test_amd64_is_normalized_as_linux_x86_64 (test_run_benchmark.FormalPreflightContractTests.test_amd64_is_normalized_as_linux_x86_64) ... ok
test_collected_formal_facts_bind_effective_child_env_without_raw_values (test_run_benchmark.FormalPreflightContractTests.test_collected_formal_facts_bind_effective_child_env_without_raw_values) ... ok
test_conflicting_openmp_affinity_environment_is_blocked (test_run_benchmark.FormalPreflightContractTests.test_conflicting_openmp_affinity_environment_is_blocked) ... ok
test_formal_thread_scan_is_the_exact_canonical_ordered_set (test_run_benchmark.FormalPreflightContractTests.test_formal_thread_scan_is_the_exact_canonical_ordered_set) ... ok
test_generated_case_can_never_be_formal (test_run_benchmark.FormalPreflightContractTests.test_generated_case_can_never_be_formal) ... ok
test_input_warmup_repeat_thread_and_binding_gates (test_run_benchmark.FormalPreflightContractTests.test_input_warmup_repeat_thread_and_binding_gates) ... ok
test_missing_linux_topology_is_blocked (test_run_benchmark.FormalPreflightContractTests.test_missing_linux_topology_is_blocked) ... ok
test_noncanonical_recorded_child_environment_is_blocked (test_run_benchmark.FormalPreflightContractTests.test_noncanonical_recorded_child_environment_is_blocked) ... ok
test_physical_core_count_must_match_the_topology_snapshot (test_run_benchmark.FormalPreflightContractTests.test_physical_core_count_must_match_the_topology_snapshot) ... ok
test_physical_hosts_below_sixteen_cores_are_blocked (test_run_benchmark.FormalPreflightContractTests.test_physical_hosts_below_sixteen_cores_are_blocked) ... ok
test_platform_host_and_dirty_gates (test_run_benchmark.FormalPreflightContractTests.test_platform_host_and_dirty_gates) ... ok
test_prebuild_context_defers_openmp_checks_until_after_configuration (test_run_benchmark.FormalPreflightContractTests.test_prebuild_context_defers_openmp_checks_until_after_configuration) ... ok
test_same_count_different_affinity_set_is_blocked (test_run_benchmark.FormalPreflightContractTests.test_same_count_different_affinity_set_is_blocked) ... ok
test_unknown_cmake_blocks_formal_evidence (test_run_benchmark.FormalPreflightContractTests.test_unknown_cmake_blocks_formal_evidence) ... ok
test_v2_formal_recompute_requires_exact_sample_counts (test_run_benchmark.FormalPreflightContractTests.test_v2_formal_recompute_requires_exact_sample_counts) ... ok
test_valid_formal_context_has_no_blockers (test_run_benchmark.FormalPreflightContractTests.test_valid_formal_context_has_no_blockers) ... ok
test_existing_output_requires_overwrite (test_run_benchmark.InputAndOutputContractTests.test_existing_output_requires_overwrite) ... ok
test_lfs_pointer_is_rejected_without_creating_output (test_run_benchmark.InputAndOutputContractTests.test_lfs_pointer_is_rejected_without_creating_output) ... ok
test_missing_windhub_input_is_rejected_before_output (test_run_benchmark.InputAndOutputContractTests.test_missing_windhub_input_is_rejected_before_output) ... ok
test_overwrite_removes_only_owned_files (test_run_benchmark.InputAndOutputContractTests.test_overwrite_removes_only_owned_files) ... ok
test_protected_output_roots_are_rejected (test_run_benchmark.InputAndOutputContractTests.test_protected_output_roots_are_rejected) ... ok
test_source_parent_is_also_a_protected_output_root (test_run_benchmark.InputAndOutputContractTests.test_source_parent_is_also_a_protected_output_root) ... ok
test_windows_multi_config_executable_is_resolved (test_run_benchmark.InputAndOutputContractTests.test_windows_multi_config_executable_is_resolved) ... ok
test_artifact_records_are_relative_and_hash_bound (test_run_benchmark.ManifestAndSummaryContractTests.test_artifact_records_are_relative_and_hash_bound) ... ok
test_delivery_intent_without_formal_evidence_is_blocked (test_run_benchmark.ManifestAndSummaryContractTests.test_delivery_intent_without_formal_evidence_is_blocked) ... ok
test_local_evidence_can_never_produce_pass (test_run_benchmark.ManifestAndSummaryContractTests.test_local_evidence_can_never_produce_pass) ... ok
test_nonformal_summary_has_fixed_warning_twice_and_relative_links (test_run_benchmark.ManifestAndSummaryContractTests.test_nonformal_summary_has_fixed_warning_twice_and_relative_links) ... ok
test_observed_teams_must_match_requested (test_run_benchmark.ManifestAndSummaryContractTests.test_observed_teams_must_match_requested) ... ok
test_requested_teams_reject_bool_and_string_coercion (test_run_benchmark.ManifestAndSummaryContractTests.test_requested_teams_reject_bool_and_string_coercion) ... ok
test_summary_covers_environment_commands_gates_and_blockers (test_run_benchmark.ManifestAndSummaryContractTests.test_summary_covers_environment_commands_gates_and_blockers) ... ok
test_summary_validation_accepts_structured_validation_evidence (test_run_benchmark.ManifestAndSummaryContractTests.test_summary_validation_accepts_structured_validation_evidence) ... ok
test_summary_validation_allows_mean_roundoff_at_sample_range_boundaries (test_run_benchmark.ManifestAndSummaryContractTests.test_summary_validation_allows_mean_roundoff_at_sample_range_boundaries) ... ok
test_summary_validation_binds_configuration_and_recomputes_formal_gate (test_run_benchmark.ManifestAndSummaryContractTests.test_summary_validation_binds_configuration_and_recomputes_formal_gate) ... ok
test_summary_validation_recomputes_every_max_absolute_tolerance (test_run_benchmark.ManifestAndSummaryContractTests.test_summary_validation_recomputes_every_max_absolute_tolerance) ... ok
test_summary_validation_rejects_evidence_gate_and_memory_drift (test_run_benchmark.ManifestAndSummaryContractTests.test_summary_validation_rejects_evidence_gate_and_memory_drift) ... ok
test_summary_validation_rejects_materially_out_of_range_mean (test_run_benchmark.ManifestAndSummaryContractTests.test_summary_validation_rejects_materially_out_of_range_mean) ... ok
test_summary_validation_rejects_missing_or_corrupt_validation_case (test_run_benchmark.ManifestAndSummaryContractTests.test_summary_validation_rejects_missing_or_corrupt_validation_case) ... ok
test_summary_validation_translates_huge_json_numbers_to_domain_errors (test_run_benchmark.ManifestAndSummaryContractTests.test_summary_validation_translates_huge_json_numbers_to_domain_errors) ... ok
test_v1_is_read_only_local_compatible_but_not_current_or_formal (test_run_benchmark.ManifestAndSummaryContractTests.test_v1_is_read_only_local_compatible_but_not_current_or_formal) ... ok
test_v2_consistent_correctness_validation_and_scatter_failures_are_evidence (test_run_benchmark.ManifestAndSummaryContractTests.test_v2_consistent_correctness_validation_and_scatter_failures_are_evidence) ... ok
test_v2_csv_boolean_text_is_exact_and_summary_bound (test_run_benchmark.ManifestAndSummaryContractTests.test_v2_csv_boolean_text_is_exact_and_summary_bound) ... ok
test_v2_raw_thread_and_root_scatter_tampering_is_rejected (test_run_benchmark.ManifestAndSummaryContractTests.test_v2_raw_thread_and_root_scatter_tampering_is_rejected) ... ok
test_v2_serial_cv_cannot_be_forged_to_formal_pass (test_run_benchmark.ManifestAndSummaryContractTests.test_v2_serial_cv_cannot_be_forged_to_formal_pass) ... ok
test_v2_summary_accepts_an_immutable_csv_snapshot (test_run_benchmark.ManifestAndSummaryContractTests.test_v2_summary_accepts_an_immutable_csv_snapshot) ... ok
test_v2_summary_is_recomputed_from_exact_csv (test_run_benchmark.ManifestAndSummaryContractTests.test_v2_summary_is_recomputed_from_exact_csv) ... ok
test_comments_and_parentheses_in_description_do_not_confuse_parser (test_run_benchmark.ProjectVersionTests.test_comments_and_parentheses_in_description_do_not_confuse_parser) ... ok
test_demo_readme_requires_cmake_3_21_for_evidence_and_junit (test_run_benchmark.ProjectVersionTests.test_demo_readme_requires_cmake_3_21_for_evidence_and_junit) ... ok
test_missing_non_semver_and_ambiguous_project_versions_are_rejected (test_run_benchmark.ProjectVersionTests.test_missing_non_semver_and_ambiguous_project_versions_are_rejected) ... ok
test_multiline_project_version_is_strictly_parsed (test_run_benchmark.ProjectVersionTests.test_multiline_project_version_is_strictly_parsed) ... ok
test_quoted_and_bracket_arguments_do_not_create_project_declarations (test_run_benchmark.ProjectVersionTests.test_quoted_and_bracket_arguments_do_not_create_project_declarations) ... ok
test_dry_run_is_cwd_independent_and_creates_no_files (test_run_benchmark.WorkflowOrchestrationTests.test_dry_run_is_cwd_independent_and_creates_no_files) ... ok
test_formal_affinity_drift_fails_at_each_identity_phase (test_run_benchmark.WorkflowOrchestrationTests.test_formal_affinity_drift_fails_at_each_identity_phase) ... ok
test_formal_children_receive_only_the_sanitized_host_environment (test_run_benchmark.WorkflowOrchestrationTests.test_formal_children_receive_only_the_sanitized_host_environment) ... ok
test_formal_conflicting_key_drift_fails_at_each_identity_phase (test_run_benchmark.WorkflowOrchestrationTests.test_formal_conflicting_key_drift_fails_at_each_identity_phase) ... ok
test_formal_gate_failure_keeps_valid_benchmark_artifacts_and_exit_code (test_run_benchmark.WorkflowOrchestrationTests.test_formal_gate_failure_keeps_valid_benchmark_artifacts_and_exit_code) ... ok
test_formal_input_and_lfs_drift_fail_at_each_identity_phase (test_run_benchmark.WorkflowOrchestrationTests.test_formal_input_and_lfs_drift_fail_at_each_identity_phase) ... ok
test_formal_non_delivery_preset_is_rejected_before_output_creation (test_run_benchmark.WorkflowOrchestrationTests.test_formal_non_delivery_preset_is_rejected_before_output_creation) ... ok
test_formal_noncanonical_sample_counts_fail_before_output_creation (test_run_benchmark.WorkflowOrchestrationTests.test_formal_noncanonical_sample_counts_fail_before_output_creation) ... ok
test_formal_skip_build_is_rejected_before_output_creation (test_run_benchmark.WorkflowOrchestrationTests.test_formal_skip_build_is_rejected_before_output_creation) ... ok
test_formal_source_drift_fails_at_each_identity_phase (test_run_benchmark.WorkflowOrchestrationTests.test_formal_source_drift_fails_at_each_identity_phase) ... ok
test_identity_check_rejects_every_formal_host_fact_drift (test_run_benchmark.WorkflowOrchestrationTests.test_identity_check_rejects_every_formal_host_fact_drift) ... ok
test_nonformal_children_keep_inherited_environment_plus_openmp_binding (test_run_benchmark.WorkflowOrchestrationTests.test_nonformal_children_keep_inherited_environment_plus_openmp_binding) ... ok
test_only_later_provenance_checks_exclude_the_owned_output_root (test_run_benchmark.WorkflowOrchestrationTests.test_only_later_provenance_checks_exclude_the_owned_output_root) ... ok
test_pending_manifest_is_valid_before_first_command (test_run_benchmark.WorkflowOrchestrationTests.test_pending_manifest_is_valid_before_first_command) ... ok
test_post_build_source_drift_fails_and_preserves_start_source_facts (test_run_benchmark.WorkflowOrchestrationTests.test_post_build_source_drift_fails_and_preserves_start_source_facts) ... ok
test_postbuild_unknown_cmake_fails_manifest_before_ctest (test_run_benchmark.WorkflowOrchestrationTests.test_postbuild_unknown_cmake_fails_manifest_before_ctest) ... ok
test_repository_dirty_check_excludes_only_owned_output_root (test_run_benchmark.WorkflowOrchestrationTests.test_repository_dirty_check_excludes_only_owned_output_root) ... ok
test_restricted_linux_affinity_blocks_before_any_command (test_run_benchmark.WorkflowOrchestrationTests.test_restricted_linux_affinity_blocks_before_any_command) ... skipped 'CI invokes this contract in a taskset-restricted Linux child'
test_subprocess_failure_is_propagated_and_manifest_is_preserved (test_run_benchmark.WorkflowOrchestrationTests.test_subprocess_failure_is_propagated_and_manifest_is_preserved) ... ok
test_success_writes_five_hash_bound_artifacts_and_local_status (test_run_benchmark.WorkflowOrchestrationTests.test_success_writes_five_hash_bound_artifacts_and_local_status) ... ok
test_issue_54_schedule_is_complete_and_alternating (test_run_windows_process_benchmark.ScheduleTests.test_issue_54_schedule_is_complete_and_alternating) ... ok
test_statistics_use_population_standard_deviation (test_run_windows_process_benchmark.ScheduleTests.test_statistics_use_population_standard_deviation) ... ok
test_overlap_is_rejected (test_run_windows_process_benchmark.SummaryTests.test_overlap_is_rejected) ... ok
test_schedule_order_mismatch_is_rejected (test_run_windows_process_benchmark.SummaryTests.test_schedule_order_mismatch_is_rejected) ... ok
test_summary_keeps_seven_samples_and_uses_total_time (test_run_windows_process_benchmark.SummaryTests.test_summary_keeps_seven_samples_and_uses_total_time) ... ok
test_team_size_mismatch_is_rejected (test_run_windows_process_benchmark.SummaryTests.test_team_size_mismatch_is_rejected) ... ok
test_peak_working_set_comes_from_live_process_handle (test_run_windows_process_benchmark.WindowsMemoryTests.test_peak_working_set_comes_from_live_process_handle) ... ok
test_validator_script_exists (test_validate_acceptance_record.AcceptanceRecordValidatorModuleTests.test_validator_script_exists) ... ok
test_approval_at_candidate_completion_time_is_rejected (test_validate_acceptance_record.FormalAcceptanceFixtureTests.test_approval_at_candidate_completion_time_is_rejected) ... ok
test_approval_structured_bindings_match_the_candidate (test_validate_acceptance_record.FormalAcceptanceFixtureTests.test_approval_structured_bindings_match_the_candidate) ... ok
test_archive_argument_must_equal_delivery_zip_artifact (test_validate_acceptance_record.FormalAcceptanceFixtureTests.test_archive_argument_must_equal_delivery_zip_artifact) ... ok
test_archive_build_info_rejects_numeric_overflow (test_validate_acceptance_record.FormalAcceptanceFixtureTests.test_archive_build_info_rejects_numeric_overflow) ... ok
test_archive_manifest_is_verified (test_validate_acceptance_record.FormalAcceptanceFixtureTests.test_archive_manifest_is_verified) ... ok
test_archive_source_and_evidence_identity_match_record (test_validate_acceptance_record.FormalAcceptanceFixtureTests.test_archive_source_and_evidence_identity_match_record) ... ok
test_artifact_and_cross_field_errors_are_aggregated (test_validate_acceptance_record.FormalAcceptanceFixtureTests.test_artifact_and_cross_field_errors_are_aggregated) ... ok
test_artifact_json_rejects_duplicate_object_keys (test_validate_acceptance_record.FormalAcceptanceFixtureTests.test_artifact_json_rejects_duplicate_object_keys) ... ok
test_artifact_paths_are_confined_to_run_root (test_validate_acceptance_record.FormalAcceptanceFixtureTests.test_artifact_paths_are_confined_to_run_root) ... ok
test_artifact_size_and_hash_are_recomputed (test_validate_acceptance_record.FormalAcceptanceFixtureTests.test_artifact_size_and_hash_are_recomputed) ... ok
test_artifact_validation_does_not_follow_symbolic_links (test_validate_acceptance_record.FormalAcceptanceFixtureTests.test_artifact_validation_does_not_follow_symbolic_links) ... ok
test_blocked_record_only_checks_artifacts_it_claims (test_validate_acceptance_record.FormalAcceptanceFixtureTests.test_blocked_record_only_checks_artifacts_it_claims) ... ok
test_candidate_completion_and_approval_order_are_enforced (test_validate_acceptance_record.FormalAcceptanceFixtureTests.test_candidate_completion_and_approval_order_are_enforced) ... ok
test_candidate_outcome_is_bound_to_automated_success_state (test_validate_acceptance_record.FormalAcceptanceFixtureTests.test_candidate_outcome_is_bound_to_automated_success_state) ... ok
test_canonical_report_is_recomputed_from_evidence (test_validate_acceptance_record.FormalAcceptanceFixtureTests.test_canonical_report_is_recomputed_from_evidence) ... ok
test_clean_room_tail_rejects_duplicate_json_keys (test_validate_acceptance_record.FormalAcceptanceFixtureTests.test_clean_room_tail_rejects_duplicate_json_keys) ... ok
test_clean_room_verifier_tail_json_is_cross_checked (test_validate_acceptance_record.FormalAcceptanceFixtureTests.test_clean_room_verifier_tail_json_is_cross_checked) ... ok
test_cli_aggregates_errors_and_returns_nonzero (test_validate_acceptance_record.FormalAcceptanceFixtureTests.test_cli_aggregates_errors_and_returns_nonzero) ... ok
test_cli_emits_machine_readable_success (test_validate_acceptance_record.FormalAcceptanceFixtureTests.test_cli_emits_machine_readable_success) ... ok
test_concurrent_artifact_exchange_cannot_mix_hash_and_json (test_validate_acceptance_record.FormalAcceptanceFixtureTests.test_concurrent_artifact_exchange_cannot_mix_hash_and_json) ... ok
test_correctness_values_match_benchmark_summary (test_validate_acceptance_record.FormalAcceptanceFixtureTests.test_correctness_values_match_benchmark_summary) ... ok
test_ctest_record_requires_exact_ten_names_and_counts (test_validate_acceptance_record.FormalAcceptanceFixtureTests.test_ctest_record_requires_exact_ten_names_and_counts) ... ok
test_deterministic_package_record_binds_both_zip_paths_and_digest (test_validate_acceptance_record.FormalAcceptanceFixtureTests.test_deterministic_package_record_binds_both_zip_paths_and_digest) ... ok
test_duplicate_artifact_bindings_are_rejected (test_validate_acceptance_record.FormalAcceptanceFixtureTests.test_duplicate_artifact_bindings_are_rejected) ... ok
test_fabricated_clean_room_log_cannot_replace_reexecution (test_validate_acceptance_record.FormalAcceptanceFixtureTests.test_fabricated_clean_room_log_cannot_replace_reexecution) ... ok
test_fail_record_only_checks_artifacts_it_claims (test_validate_acceptance_record.FormalAcceptanceFixtureTests.test_fail_record_only_checks_artifacts_it_claims) ... ok
test_gcc_label_is_accepted_for_gnu_compiler_id (test_validate_acceptance_record.FormalAcceptanceFixtureTests.test_gcc_label_is_accepted_for_gnu_compiler_id) ... ok
test_manifest_only_verifier_output_is_cross_checked (test_validate_acceptance_record.FormalAcceptanceFixtureTests.test_manifest_only_verifier_output_is_cross_checked) ... ok
test_named_approvals_are_bound_to_party_identity_references (test_validate_acceptance_record.FormalAcceptanceFixtureTests.test_named_approvals_are_bound_to_party_identity_references) ... ok
test_nonpass_record_cannot_claim_candidate_completion (test_validate_acceptance_record.FormalAcceptanceFixtureTests.test_nonpass_record_cannot_claim_candidate_completion) ... ok
test_nonpass_record_rejects_a_missing_claimed_artifact (test_validate_acceptance_record.FormalAcceptanceFixtureTests.test_nonpass_record_rejects_a_missing_claimed_artifact) ... ok
test_nonpass_record_rejects_non_json_outcome (test_validate_acceptance_record.FormalAcceptanceFixtureTests.test_nonpass_record_rejects_non_json_outcome) ... ok
test_nonpass_record_requires_matching_valid_outcome (test_validate_acceptance_record.FormalAcceptanceFixtureTests.test_nonpass_record_requires_matching_valid_outcome) ... ok
test_pass_deviations_require_internal_acceptance_and_reference (test_validate_acceptance_record.FormalAcceptanceFixtureTests.test_pass_deviations_require_internal_acceptance_and_reference) ... ok
test_pass_reexecutes_real_clean_room_verification (test_validate_acceptance_record.FormalAcceptanceFixtureTests.test_pass_reexecutes_real_clean_room_verification) ... ok
test_pass_rejects_approval_before_execution_completed (test_validate_acceptance_record.FormalAcceptanceFixtureTests.test_pass_rejects_approval_before_execution_completed) ... ok
test_pass_rejects_error_above_recomputed_tolerance (test_validate_acceptance_record.FormalAcceptanceFixtureTests.test_pass_rejects_error_above_recomputed_tolerance) ... ok
test_pass_rejects_future_or_unbound_approval (test_validate_acceptance_record.FormalAcceptanceFixtureTests.test_pass_rejects_future_or_unbound_approval) ... ok
test_pass_rejects_incorrect_scale_aware_tolerance (test_validate_acceptance_record.FormalAcceptanceFixtureTests.test_pass_rejects_incorrect_scale_aware_tolerance) ... ok
test_pass_rejects_lfs_digest_mismatch (test_validate_acceptance_record.FormalAcceptanceFixtureTests.test_pass_rejects_lfs_digest_mismatch) ... ok
test_pass_rejects_lfs_size_mismatch (test_validate_acceptance_record.FormalAcceptanceFixtureTests.test_pass_rejects_lfs_size_mismatch) ... ok
test_pass_rejects_whitespace_only_party_and_approval_identity (test_validate_acceptance_record.FormalAcceptanceFixtureTests.test_pass_rejects_whitespace_only_party_and_approval_identity) ... ok
test_pass_requires_all_four_acknowledged_approvals (test_validate_acceptance_record.FormalAcceptanceFixtureTests.test_pass_requires_all_four_acknowledged_approvals) ... ok
test_pass_requires_exact_genuineintel_vendor (test_validate_acceptance_record.FormalAcceptanceFixtureTests.test_pass_requires_exact_genuineintel_vendor) ... ok
test_performance_raw_sample_count_matches_csv_rows (test_validate_acceptance_record.FormalAcceptanceFixtureTests.test_performance_raw_sample_count_matches_csv_rows) ... ok
test_performance_sample_and_summary_hashes_match_artifacts (test_validate_acceptance_record.FormalAcceptanceFixtureTests.test_performance_sample_and_summary_hashes_match_artifacts) ... ok
test_performance_values_match_recomputed_samples (test_validate_acceptance_record.FormalAcceptanceFixtureTests.test_performance_values_match_recomputed_samples) ... ok
test_real_validator_finalizes_complete_evidence_bound_delivery (test_validate_acceptance_record.FormalAcceptanceFixtureTests.test_real_validator_finalizes_complete_evidence_bound_delivery) ... skipped 'secure acceptance-directory publication is unsupported'
test_record_rejects_duplicate_json_keys (test_validate_acceptance_record.FormalAcceptanceFixtureTests.test_record_rejects_duplicate_json_keys) ... ok
test_record_rejects_non_finite_json_constants (test_validate_acceptance_record.FormalAcceptanceFixtureTests.test_record_rejects_non_finite_json_constants) ... ok
test_recorded_tool_versions_are_bound_to_host_preflight (test_validate_acceptance_record.FormalAcceptanceFixtureTests.test_recorded_tool_versions_are_bound_to_host_preflight) ... ok
test_rejected_and_open_blocker_deviations_map_to_overall_status (test_validate_acceptance_record.FormalAcceptanceFixtureTests.test_rejected_and_open_blocker_deviations_map_to_overall_status) ... ok
test_render_rejects_v1_pass_record_semantics (test_validate_acceptance_record.FormalAcceptanceFixtureTests.test_render_rejects_v1_pass_record_semantics) ... ok
test_run_manifest_source_commit_matches_record (test_validate_acceptance_record.FormalAcceptanceFixtureTests.test_run_manifest_source_commit_matches_record) ... ok
test_schema_format_checker_rejects_invalid_timestamp (test_validate_acceptance_record.FormalAcceptanceFixtureTests.test_schema_format_checker_rejects_invalid_timestamp) ... ok
test_schema_format_checker_requires_rfc3339_utc (test_validate_acceptance_record.FormalAcceptanceFixtureTests.test_schema_format_checker_requires_rfc3339_utc) ... ok
test_sha256sums_recomputes_entries_and_covers_every_candidate_artifact (test_validate_acceptance_record.FormalAcceptanceFixtureTests.test_sha256sums_recomputes_entries_and_covers_every_candidate_artifact) ... ok
test_sha256sums_requires_canonical_unique_confined_entries (test_validate_acceptance_record.FormalAcceptanceFixtureTests.test_sha256sums_requires_canonical_unique_confined_entries) ... ok
test_snapshot_falls_back_when_directory_descriptors_are_unavailable (test_validate_acceptance_record.FormalAcceptanceFixtureTests.test_snapshot_falls_back_when_directory_descriptors_are_unavailable) ... ok
test_toolchain_fields_are_bound_to_run_manifest (test_validate_acceptance_record.FormalAcceptanceFixtureTests.test_toolchain_fields_are_bound_to_run_manifest) ... ok
test_valid_pass_record_succeeds (test_validate_acceptance_record.FormalAcceptanceFixtureTests.test_valid_pass_record_succeeds) ... ok
test_validated_snapshot_exposes_exact_immutable_candidate_checksum_tree (test_validate_acceptance_record.FormalAcceptanceFixtureTests.test_validated_snapshot_exposes_exact_immutable_candidate_checksum_tree) ... ok
test_archive_snapshot_does_not_follow_a_symbolic_link (test_verify_delivery_package.PortableVerifierTests.test_archive_snapshot_does_not_follow_a_symbolic_link) ... ok
test_clean_room_rejects_nine_disabled_ci_tests (test_verify_delivery_package.PortableVerifierTests.test_clean_room_rejects_nine_disabled_ci_tests) ... CTest JUnit validation failed:
  not-run: 9
ok
test_clean_room_runs_delivery_tests_and_external_consumer (test_verify_delivery_package.PortableVerifierTests.test_clean_room_runs_delivery_tests_and_external_consumer) ... ok
test_escaped_image_marker_is_validated_as_an_inline_link (test_verify_delivery_package.PortableVerifierTests.test_escaped_image_marker_is_validated_as_an_inline_link) ... ok
test_formal_bundle_root_exception_rejects_member_equal_to_root (test_verify_delivery_package.PortableVerifierTests.test_formal_bundle_root_exception_rejects_member_equal_to_root) ... ok
test_formal_bundle_root_exception_still_rejects_build_elsewhere (test_verify_delivery_package.PortableVerifierTests.test_formal_bundle_root_exception_still_rejects_build_elsewhere) ... ok
test_full_clean_room_fails_before_extraction_without_jsonschema (test_verify_delivery_package.PortableVerifierTests.test_full_clean_room_fails_before_extraction_without_jsonschema) ... ok
test_full_clean_room_rejects_unsupported_jsonschema_version (test_verify_delivery_package.PortableVerifierTests.test_full_clean_room_rejects_unsupported_jsonschema_version) ... ok
test_manifest_only_does_not_require_jsonschema_on_the_host (test_verify_delivery_package.PortableVerifierTests.test_manifest_only_does_not_require_jsonschema_on_the_host) ... ok
test_manifest_only_rejects_broken_relative_packaging_readme_link (test_verify_delivery_package.PortableVerifierTests.test_manifest_only_rejects_broken_relative_packaging_readme_link) ... ok
test_manifest_only_rejects_unsupported_inline_link_target_syntax (test_verify_delivery_package.PortableVerifierTests.test_manifest_only_rejects_unsupported_inline_link_target_syntax) ... ok
test_manifest_only_requires_delivery_paths_before_temp_or_extraction (test_verify_delivery_package.PortableVerifierTests.test_manifest_only_requires_delivery_paths_before_temp_or_extraction) ... ok
test_manifest_only_verification_accepts_the_generated_archive (test_verify_delivery_package.PortableVerifierTests.test_manifest_only_verification_accepts_the_generated_archive) ... ok
test_manifest_paths_share_the_archive_prefix_collision_model (test_verify_delivery_package.PortableVerifierTests.test_manifest_paths_share_the_archive_prefix_collision_model) ... ok
test_manifest_verification_rejects_changed_content (test_verify_delivery_package.PortableVerifierTests.test_manifest_verification_rejects_changed_content) ... ok
test_manifest_verification_rejects_unlisted_content (test_verify_delivery_package.PortableVerifierTests.test_manifest_verification_rejects_unlisted_content) ... ok
test_manifest_verification_reports_formal_source_binding (test_verify_delivery_package.PortableVerifierTests.test_manifest_verification_reports_formal_source_binding) ... ok
test_merged_task1_acceptance_tree_is_self_contained_in_clean_room (test_verify_delivery_package.PortableVerifierTests.test_merged_task1_acceptance_tree_is_self_contained_in_clean_room) ... Errors while running CTest
ERROR
test_packaging_readme_ignores_external_and_anchor_inline_links (test_verify_delivery_package.PortableVerifierTests.test_packaging_readme_ignores_external_and_anchor_inline_links) ... ok
test_result_digest_is_bound_to_the_verified_archive_snapshot (test_verify_delivery_package.PortableVerifierTests.test_result_digest_is_bound_to_the_verified_archive_snapshot) ... ok
test_verifier_accepts_formal_bundle_id_build (test_verify_delivery_package.PortableVerifierTests.test_verifier_accepts_formal_bundle_id_build) ... ok
test_verifier_recomputes_formal_pass_from_reconstructed_evidence (test_verify_delivery_package.PortableVerifierTests.test_verifier_recomputes_formal_pass_from_reconstructed_evidence) ... ok
test_verifier_rejects_carriage_return_in_manifest (test_verify_delivery_package.PortableVerifierTests.test_verifier_rejects_carriage_return_in_manifest) ... ok
test_verifier_rejects_forged_formal_source_binding (test_verify_delivery_package.PortableVerifierTests.test_verifier_rejects_forged_formal_source_binding) ... ok
test_verifier_rejects_formal_evidence_downgraded_to_local_smoke (test_verify_delivery_package.PortableVerifierTests.test_verifier_rejects_formal_evidence_downgraded_to_local_smoke) ... ok
test_verifier_rejects_manifest_bound_prefix_collision_before_extraction (test_verify_delivery_package.PortableVerifierTests.test_verifier_rejects_manifest_bound_prefix_collision_before_extraction) ... ok
test_verifier_rejects_non_strict_build_info_json (test_verify_delivery_package.PortableVerifierTests.test_verifier_rejects_non_strict_build_info_json) ... ok
test_verifier_rejects_noncanonical_formal_report_content (test_verify_delivery_package.PortableVerifierTests.test_verifier_rejects_noncanonical_formal_report_content) ... ok
test_verifier_rejects_noncanonical_member_path (test_verify_delivery_package.PortableVerifierTests.test_verifier_rejects_noncanonical_member_path) ... ok
test_verifier_rejects_nonlexicographic_manifest_order (test_verify_delivery_package.PortableVerifierTests.test_verifier_rejects_nonlexicographic_manifest_order) ... ok
test_verifier_rejects_nonlexicographic_member_order (test_verify_delivery_package.PortableVerifierTests.test_verifier_rejects_nonlexicographic_member_order) ... ok
test_verifier_rejects_nonregular_member_mode (test_verify_delivery_package.PortableVerifierTests.test_verifier_rejects_nonregular_member_mode) ... ok
test_verifier_rejects_nonunix_zip_metadata (test_verify_delivery_package.PortableVerifierTests.test_verifier_rejects_nonunix_zip_metadata) ... ok
test_verifier_rejects_path_traversal_before_extraction (test_verify_delivery_package.PortableVerifierTests.test_verifier_rejects_path_traversal_before_extraction) ... ok
test_verifier_rejects_stale_run_manifest_artifact_hash (test_verify_delivery_package.PortableVerifierTests.test_verifier_rejects_stale_run_manifest_artifact_hash) ... ok
test_verifier_rejects_windows_drive_like_members_before_extraction (test_verify_delivery_package.PortableVerifierTests.test_verifier_rejects_windows_drive_like_members_before_extraction) ... ok
test_verifier_requires_all_raw_evidence_files (test_verify_delivery_package.PortableVerifierTests.test_verifier_requires_all_raw_evidence_files) ... ok
test_zip_preflight_finishes_before_formal_semantic_extraction (test_verify_delivery_package.PortableVerifierTests.test_zip_preflight_finishes_before_formal_semantic_extraction) ... ok
test_verifier_module_exists (test_verify_delivery_package.VerifierModuleTests.test_verifier_module_exists) ... ok

======================================================================
ERROR: test_merged_task1_acceptance_tree_is_self_contained_in_clean_room (test_verify_delivery_package.PortableVerifierTests.test_merged_task1_acceptance_tree_is_self_contained_in_clean_room)
----------------------------------------------------------------------
Traceback (most recent call last):
  File "D:\parallel-global-stiffness-assembly-research-and-implementation\demos\csc3_symmetric_assembly_demo\tests\python\test_verify_delivery_package.py", line 1029, in test_merged_task1_acceptance_tree_is_self_contained_in_clean_room
    result = self.verifier.verify_delivery_package(
        archive,
        run_clean_room=True,
    )
  File "D:\parallel-global-stiffness-assembly-research-and-implementation\demos\csc3_symmetric_assembly_demo\scripts\verify_delivery_package.py", line 869, in verify_delivery_package
    run_clean_room_checks(
    ~~~~~~~~~~~~~~~~~~~~~^
        package_root,
        ^^^^^^^^^^^^^
    ...<2 lines>...
        command_runner=command_runner,
        ^^^^^^^^^^^^^^^^^^^^^^^^^^^^^^
    )
    ^
  File "D:\parallel-global-stiffness-assembly-research-and-implementation\demos\csc3_symmetric_assembly_demo\scripts\verify_delivery_package.py", line 771, in run_clean_room_checks
    command_runner(
    ~~~~~~~~~~~~~~^
        [
        ^
    ...<12 lines>...
        package_root,
        ^^^^^^^^^^^^^
    )
    ^
  File "D:\parallel-global-stiffness-assembly-research-and-implementation\demos\csc3_symmetric_assembly_demo\scripts\verify_delivery_package.py", line 735, in run_checked
    subprocess.run(command, cwd=cwd, check=True)
    ~~~~~~~~~~~~~~^^^^^^^^^^^^^^^^^^^^^^^^^^^^^^
  File "C:\Users\Administrator\AppData\Local\Programs\Python\Python313\Lib\subprocess.py", line 577, in run
    raise CalledProcessError(retcode, process.args,
                             output=stdout, stderr=stderr)
subprocess.CalledProcessError: Command '['ctest', '--preset', 'delivery', '-C', 'Release', '--label-regex', '^ci$', '--output-on-failure', '--no-tests=error', '--output-junit', 'C:\\Users\\ADMINI~1\\AppData\\Local\\Temp\\csc3-delivery-clean-room-1kg7ah94\\csc3-symmetric-assembly-demo-v0.2.0+da3579c798d2\\build\\delivery\\ctest.xml']' returned non-zero exit status 8.

----------------------------------------------------------------------
Ran 385 tests in 199.748s

FAILED (errors=1, skipped=3)
